data/sample/retail_demand_sample.csv
date,store_id,sku_id,sales,price,promo,on_hand_inventory,lead_time_days,unit_cost
2024-01-01,CA_1,SKU_004,22,10.9,0,40,3,5.57
2024-01-02,CA_1,SKU_004,20,10.41,0,23,3,5.57
2024-01-03,CA_1,SKU_004,16,10.83,0,10,3,5.57
2024-01-04,CA_1,SKU_004,25,10.54,0,10,3,5.57
2024-01-05,CA_1,SKU_004,18,10.49,0,10,3,5.57
2024-01-06,CA_1,SKU_004,14,10.41,0,10,3,5.57
2024-01-07,CA_1,SKU_004,20,10.93,0,10,3,5.57
2024-01-08,CA_1,SKU_004,25,10.39,0,10,3,5.57
2024-01-09,CA_1,SKU_004,20,10.86,0,10,3,5.57
2024-01-10,CA_1,SKU_004,14,10.66,0,10,3,5.57
2024-01-11,CA_1,SKU_004,21,10.7,0,10,3,5.57
2024-01-12,CA_1,SKU_004,16,10.32,0,10,3,5.57
2024-01-13,CA_1,SKU_004,17,10.53,0,10,3,5.57
2024-01-14,CA_1,SKU_004,29,10.15,1,10,3,5.57
2024-01-15,CA_1,SKU_004,19,10.56,0,10,3,5.57
2024-01-16,CA_1,SKU_004,21,10.25,0,10,3,5.57
2024-01-17,CA_1,SKU_004,20,10.56,0,10,3,5.57
2024-01-18,CA_1,SKU_004,17,10.63,0,10,3,5.57
2024-01-19,CA_1,SKU_004,16,10.86,0,10,3,5.57
2024-01-20,CA_1,SKU_004,13,10.59,0,10,3,5.57
2024-01-21,CA_1,SKU_004,25,10.8,0,10,3,5.57
2024-01-22,CA_1,SKU_004,19,10.43,0,10,3,5.57
2024-01-23,CA_1,SKU_004,29,10.1,1,10,3,5.57
2024-01-24,CA_1,SKU_004,18,10.03,0,10,3,5.57
2024-01-25,CA_1,SKU_004,21,10.6,0,10,3,5.57
2024-01-26,CA_1,SKU_004,13,10.58,0,10,3,5.57
2024-01-27,CA_1,SKU_004,17,10.64,0,10,3,5.57
2024-01-28,CA_1,SKU_004,33,9.52,1,10,3,5.57
2024-01-29,CA_1,SKU_004,16,10.53,0,10,3,5.57
2024-01-30,CA_1,SKU_004,26,10.35,0,10,3,5.57
2024-01-31,CA_1,SKU_004,12,10.95,0,10,3,5.57
2024-02-01,CA_1,SKU_004,20,10.42,0,10,3,5.57
2024-02-02,CA_1,SKU_004,24,10.88,0,10,3,5.57
2024-02-03,CA_1,SKU_004,14,10.25,0,10,3,5.57
2024-02-04,CA_1,SKU_004,25,10.82,0,10,3,5.57
2024-02-05,CA_1,SKU_004,25,9.94,1,10,3,5.57
2024-02-06,CA_1,SKU_004,28,10.08,1,10,3,5.57
2024-02-07,CA_1,SKU_004,18,10.76,0,10,3,5.57
2024-02-08,CA_1,SKU_004,27,9.76,1,10,3,5.57
2024-02-09,CA_1,SKU_004,15,10.24,0,10,3,5.57
2024-02-10,CA_1,SKU_004,19,10.76,0,10,3,5.57
2024-02-11,CA_1,SKU_004,21,10.57,0,10,3,5.57
2024-02-12,CA_1,SKU_004,26,10.72,0,10,3,5.57
2024-02-13,CA_1,SKU_004,17,10.91,0,10,3,5.57
2024-02-14,CA_1,SKU_004,18,10.82,0,10,3,5.57
2024-02-15,CA_1,SKU_004,22,10.6,0,10,3,5.57
2024-02-16,CA_1,SKU_004,15,10.9,0,10,3,5.57
2024-02-17,CA_1,SKU_004,15,10.83,0,10,3,5.57
2024-02-18,CA_1,SKU_004,20,10.72,0,10,3,5.57
2024-02-19,CA_1,SKU_004,16,10.55,0,10,3,5.57
2024-02-20,CA_1,SKU_004,24,9.69,1,10,3,5.57
2024-02-21,CA_1,SKU_004,11,10.66,0,10,3,5.57
2024-02-22,CA_1,SKU_004,20,10.48,0,10,3,5.57
2024-02-23,CA_1,SKU_004,15,10.61,0,10,3,5.57
2024-02-24,CA_1,SKU_004,13,10.76,0,10,3,5.57
2024-02-25,CA_1,SKU_004,17,10.67,0,10,3,5.57
2024-02-26,CA_1,SKU_004,15,10.61,0,10,3,5.57
2024-02-27,CA_1,SKU_004,26,10.27,0,10,3,5.57
2024-02-28,CA_1,SKU_004,14,10.8,0,10,3,5.57
2024-02-29,CA_1,SKU_004,23,10.58,0,10,3,5.57
2024-03-01,CA_1,SKU_004,18,10.85,0,10,3,5.57
2024-03-02,CA_1,SKU_004,20,10.72,0,10,3,5.57
2024-03-03,CA_1,SKU_004,20,10.4,0,10,3,5.57
2024-03-04,CA_1,SKU_004,21,10.8,0,10,3,5.57
2024-03-05,CA_1,SKU_004,25,10.88,0,10,3,5.57
2024-03-06,CA_1,SKU_004,22,10.59,0,10,3,5.57
2024-03-07,CA_1,SKU_004,21,10.43,0,10,3,5.57
2024-03-08,CA_1,SKU_004,15,11.22,0,10,3,5.57
2024-03-09,CA_1,SKU_004,13,10.71,0,10,3,5.57
2024-03-10,CA_1,SKU_004,24,10.24,0,10,3,5.57
2024-03-11,CA_1,SKU_004,16,10.23,0,10,3,5.57
2024-03-12,CA_1,SKU_004,17,10.5,0,10,3,5.57
2024-03-13,CA_1,SKU_004,18,10.67,0,10,3,5.57
2024-03-14,CA_1,SKU_004,25,10.61,0,10,3,5.57
2024-03-15,CA_1,SKU_004,19,10.63,0,10,3,5.57
2024-03-16,CA_1,SKU_004,15,10.69,0,10,3,5.57
2024-03-17,CA_1,SKU_004,26,9.73,1,10,3,5.57
2024-03-18,CA_1,SKU_004,27,9.69,1,10,3,5.57
2024-03-19,CA_1,SKU_004,19,10.33,0,10,3,5.57
2024-03-20,CA_1,SKU_004,16,10.61,0,10,3,5.57
2024-03-21,CA_1,SKU_004,22,10.37,0,10,3,5.57
2024-03-22,CA_1,SKU_004,23,10.61,0,10,3,5.57
2024-03-23,CA_1,SKU_004,18,11.0,0,10,3,5.57
2024-03-24,CA_1,SKU_004,31,9.72,1,10,3,5.57
2024-03-25,CA_1,SKU_004,15,10.48,0,10,3,5.57
2024-03-26,CA_1,SKU_004,23,10.66,0,10,3,5.57
2024-03-27,CA_1,SKU_004,16,10.46,0,10,3,5.57
2024-03-28,CA_1,SKU_004,30,9.32,1,10,3,5.57
2024-03-29,CA_1,SKU_004,22,10.53,0,10,3,5.57
2024-03-30,CA_1,SKU_004,22,9.81,1,10,3,5.57
2024-03-31,CA_1,SKU_004,22,10.93,0,10,3,5.57
2024-04-01,CA_1,SKU_004,23,10.37,0,10,3,5.57
2024-04-02,CA_1,SKU_004,20,10.1,0,10,3,5.57
2024-04-03,CA_1,SKU_004,19,10.63,0,10,3,5.57
2024-04-04,CA_1,SKU_004,28,10.35,0,10,3,5.57
2024-04-05,CA_1,SKU_004,15,10.61,0,10,3,5.57
2024-04-06,CA_1,SKU_004,22,10.47,0,10,3,5.57
2024-04-07,CA_1,SKU_004,27,9.86,1,10,3,5.57
2024-04-08,CA_1,SKU_004,19,10.67,0,10,3,5.57
2024-04-09,CA_1,SKU_004,19,10.58,0,10,3,5.57
2024-04-10,CA_1,SKU_004,24,10.59,0,10,3,5.57
2024-04-11,CA_1,SKU_004,23,10.34,0,10,3,5.57
2024-04-12,CA_1,SKU_004,22,10.65,0,10,3,5.57
2024-04-13,CA_1,SKU_004,22,10.73,0,10,3,5.57
2024-04-14,CA_1,SKU_004,22,11.08,0,10,3,5.57
2024-04-15,CA_1,SKU_004,15,11.07,0,10,3,5.57
2024-04-16,CA_1,SKU_004,20,10.86,0,10,3,5.57
2024-04-17,CA_1,SKU_004,13,10.55,0,10,3,5.57
2024-04-18,CA_1,SKU_004,16,10.82,0,10,3,5.57
2024-04-19,CA_1,SKU_004,25,10.54,0,10,3,5.57
2024-04-20,CA_1,SKU_004,18,10.8,0,10,3,5.57
2024-04-21,CA_1,SKU_004,25,10.68,0,10,3,5.57
2024-04-22,CA_1,SKU_004,18,10.2,0,10,3,5.57
2024-04-23,CA_1,SKU_004,22,10.45,0,10,3,5.57
2024-04-24,CA_1,SKU_004,18,10.75,0,10,3,5.57
2024-04-25,CA_1,SKU_004,23,10.59,0,10,3,5.57
2024-04-26,CA_1,SKU_004,14,10.68,0,10,3,5.57
2024-04-27,CA_1,SKU_004,18,10.59,0,10,3,5.57
2024-04-28,CA_1,SKU_004,22,10.86,0,10,3,5.57
2024-04-29,CA_1,SKU_004,18,10.65,0,10,3,5.57
2024-04-30,CA_1,SKU_004,23,10.71,0,10,3,5.57
2024-05-01,CA_1,SKU_004,21,10.42,0,10,3,5.57
2024-05-02,CA_1,SKU_004,22,10.52,0,10,3,5.57
2024-05-03,CA_1,SKU_004,17,10.47,0,10,3,5.57
2024-05-04,CA_1,SKU_004,27,10.36,1,10,3,5.57
2024-05-05,CA_1,SKU_004,22,10.66,0,10,3,5.57
2024-05-06,CA_1,SKU_004,26,10.44,0,10,3,5.57
2024-05-07,CA_1,SKU_004,16,10.76,0,10,3,5.57
2024-05-08,CA_1,SKU_004,15,10.6,0,10,3,5.57
2024-05-09,CA_1,SKU_004,26,10.51,0,10,3,5.57
2024-05-10,CA_1,SKU_004,19,10.5,0,10,3,5.57
2024-05-11,CA_1,SKU_004,15,10.43,0,10,3,5.57
2024-05-12,CA_1,SKU_004,25,10.85,0,10,3,5.57
2024-05-13,CA_1,SKU_004,31,9.64,1,10,3,5.57
2024-05-14,CA_1,SKU_004,19,11.01,0,10,3,5.57
2024-05-15,CA_1,SKU_004,16,10.76,0,10,3,5.57
2024-05-16,CA_1,SKU_004,23,10.62,0,10,3,5.57
2024-05-17,CA_1,SKU_004,14,10.44,0,10,3,5.57
2024-05-18,CA_1,SKU_004,28,10.02,1,10,3,5.57
2024-05-19,CA_1,SKU_004,21,10.58,0,10,3,5.57
2024-05-20,CA_1,SKU_004,16,10.67,0,10,3,5.57
2024-05-21,CA_1,SKU_004,23,10.65,0,10,3,5.57
2024-05-22,CA_1,SKU_004,18,10.69,0,10,3,5.57
2024-05-23,CA_1,SKU_004,25,10.47,0,10,3,5.57
2024-05-24,CA_1,SKU_004,22,9.64,1,10,3,5.57
2024-05-25,CA_1,SKU_004,20,11.0,0,10,3,5.57
2024-05-26,CA_1,SKU_004,32,10.56,0,10,3,5.57
2024-05-27,CA_1,SKU_004,21,10.77,0,10,3,5.57
2024-05-28,CA_1,SKU_004,27,10.65,0,10,3,5.57
2024-05-29,CA_1,SKU_004,19,10.58,0,10,3,5.57
2024-05-30,CA_1,SKU_004,20,11.14,0,10,3,5.57
2024-05-31,CA_1,SKU_004,23,9.97,1,10,3,5.57
2024-06-01,CA_1,SKU_004,20,10.48,0,10,3,5.57
2024-06-02,CA_1,SKU_004,21,10.42,0,10,3,5.57
2024-06-03,CA_1,SKU_004,29,10.06,1,10,3,5.57
2024-06-04,CA_1,SKU_004,16,10.78,0,10,3,5.57
2024-06-05,CA_1,SKU_004,20,10.68,0,10,3,5.57
2024-06-06,CA_1,SKU_004,31,10.0,1,10,3,5.57
2024-06-07,CA_1,SKU_004,25,9.79,1,10,3,5.57
2024-06-08,CA_1,SKU_004,16,10.62,0,10,3,5.57
2024-06-09,CA_1,SKU_004,22,10.82,0,10,3,5.57
2024-06-10,CA_1,SKU_004,23,10.52,0,10,3,5.57
2024-06-11,CA_1,SKU_004,25,10.55,0,10,3,5.57
2024-06-12,CA_1,SKU_004,28,9.93,1,10,3,5.57
2024-06-13,CA_1,SKU_004,29,9.85,1,10,3,5.57
2024-06-14,CA_1,SKU_004,27,9.6,1,10,3,5.57
2024-06-15,CA_1,SKU_004,25,10.81,0,10,3,5.57
2024-06-16,CA_1,SKU_004,18,10.24,0,10,3,5.57
2024-06-17,CA_1,SKU_004,27,9.85,1,10,3,5.57
2024-06-18,CA_1,SKU_004,24,10.32,0,10,3,5.57
2024-06-19,CA_1,SKU_004,23,10.04,1,10,3,5.57
2024-06-20,CA_1,SKU_004,27,10.75,0,10,3,5.57
2024-06-21,CA_1,SKU_004,31,9.69,1,10,3,5.57
2024-06-22,CA_1,SKU_004,27,9.7,1,10,3,5.57
2024-06-23,CA_1,SKU_004,26,10.64,0,10,3,5.57
2024-06-24,CA_1,SKU_004,16,10.8,0,10,3,5.57
2024-06-25,CA_1,SKU_004,23,10.48,0,10,3,5.57
2024-06-26,CA_1,SKU_004,17,10.63,0,10,3,5.57
2024-06-27,CA_1,SKU_004,24,10.93,0,10,3,5.57
2024-06-28,CA_1,SKU_004,10,10.6,0,10,3,5.57
2024-06-29,CA_1,SKU_004,16,10.82,0,10,3,5.57
2024-06-30,CA_1,SKU_004,22,10.22,0,10,3,5.57
2024-07-01,CA_1,SKU_004,20,9.71,1,10,3,5.57
2024-07-02,CA_1,SKU_004,24,10.49,0,10,3,5.57
2024-07-03,CA_1,SKU_004,16,10.81,0,10,3,5.57
2024-07-04,CA_1,SKU_004,22,10.4,0,10,3,5.57
2024-07-05,CA_1,SKU_004,20,10.51,0,10,3,5.57
2024-07-06,CA_1,SKU_004,30,9.85,1,10,3,5.57
2024-07-07,CA_1,SKU_004,24,10.72,0,10,3,5.57
2024-07-08,CA_1,SKU_004,23,11.22,0,10,3,5.57
2024-07-09,CA_1,SKU_004,23,10.75,0,10,3,5.57
2024-07-10,CA_1,SKU_004,17,10.74,0,10,3,5.57
2024-07-11,CA_1,SKU_004,24,10.82,0,10,3,5.57
2024-07-12,CA_1,SKU_004,31,10.02,1,10,3,5.57
2024-07-13,CA_1,SKU_004,28,10.02,1,10,3,5.57
2024-07-14,CA_1,SKU_004,25,10.62,0,10,3,5.57
2024-07-15,CA_1,SKU_004,19,10.61,0,10,3,5.57
2024-07-16,CA_1,SKU_004,31,9.81,1,10,3,5.57
2024-07-17,CA_1,SKU_004,22,9.54,1,10,3,5.57
2024-07-18,CA_1,SKU_004,36,9.57,1,10,3,5.57
2024-07-19,CA_1,SKU_004,20,10.64,0,10,3,5.57
2024-07-20,CA_1,SKU_004,30,10.03,1,10,3,5.57
2024-07-21,CA_1,SKU_004,23,10.07,0,10,3,5.57
2024-07-22,CA_1,SKU_004,25,9.9,1,10,3,5.57
2024-07-23,CA_1,SKU_004,31,9.68,1,10,3,5.57
2024-07-24,CA_1,SKU_004,19,10.55,0,10,3,5.57
2024-07-25,CA_1,SKU_004,24,10.56,0,10,3,5.57
2024-07-26,CA_1,SKU_004,17,10.6,0,10,3,5.57
2024-07-27,CA_1,SKU_004,29,9.67,1,10,3,5.57
2024-07-28,CA_1,SKU_004,38,9.73,1,10,3,5.57
2024-07-29,CA_1,SKU_004,27,9.76,1,10,3,5.57
2024-07-30,CA_1,SKU_004,19,10.26,0,10,3,5.57
2024-07-31,CA_1,SKU_004,16,10.72,0,10,3,5.57
2024-08-01,CA_1,SKU_004,23,10.23,0,10,3,5.57
2024-08-02,CA_1,SKU_004,20,10.77,0,10,3,5.57
2024-08-03,CA_1,SKU_004,15,10.36,0,10,3,5.57
2024-08-04,CA_1,SKU_004,29,10.71,0,10,3,5.57
2024-08-05,CA_1,SKU_004,21,10.17,0,10,3,5.57
2024-08-06,CA_1,SKU_004,23,10.53,0,10,3,5.57
2024-08-07,CA_1,SKU_004,19,10.8,0,10,3,5.57
2024-08-08,CA_1,SKU_004,28,10.61,0,10,3,5.57
2024-08-09,CA_1,SKU_004,16,11.17,0,10,3,5.57
2024-08-10,CA_1,SKU_004,20,10.71,0,10,3,5.57
2024-08-11,CA_1,SKU_004,19,10.89,0,10,3,5.57
2024-08-12,CA_1,SKU_004,21,10.35,0,10,3,5.57
2024-08-13,CA_1,SKU_004,23,10.55,0,10,3,5.57
2024-08-14,CA_1,SKU_004,25,10.62,0,10,3,5.57
2024-08-15,CA_1,SKU_004,27,10.54,0,10,3,5.57
2024-08-16,CA_1,SKU_004,22,10.5,0,10,3,5.57
2024-08-17,CA_1,SKU_004,21,10.99,0,10,3,5.57
2024-08-18,CA_1,SKU_004,28,10.44,0,10,3,5.57
2024-08-19,CA_1,SKU_004,20,10.76,0,10,3,5.57
2024-08-20,CA_1,SKU_004,19,10.34,0,10,3,5.57
2024-08-21,CA_1,SKU_004,25,10.88,0,10,3,5.57
2024-08-22,CA_1,SKU_004,28,10.79,0,10,3,5.57
2024-08-23,CA_1,SKU_004,23,10.72,0,10,3,5.57
2024-08-24,CA_1,SKU_004,22,10.18,0,10,3,5.57
2024-08-25,CA_1,SKU_004,24,10.51,0,10,3,5.57
2024-08-26,CA_1,SKU_004,24,10.87,0,10,3,5.57
2024-08-27,CA_1,SKU_004,25,10.66,0,10,3,5.57
